Traceback (most recent call last):
  File "/Library/Frameworks/Python.framework/Versions/3.14/lib/python3.14/site-packages/jupyter_core/utils/__init__.py", line 154, in wrapped
    asyncio.get_running_loop()
    ~~~~~~~~~~~~~~~~~~~~~~~~^^
RuntimeError: no running event loop

During handling of the above exception, another exception occurred:

Traceback (most recent call last):
  File "/Library/Frameworks/Python.framework/Versions/3.14/lib/python3.14/site-packages/jupyter_cache/executors/utils.py", line 58, in single_nb_execution
    executenb(
    ~~~~~~~~~^
        nb,
        ^^^
    ...<4 lines>...
        **kwargs,
        ^^^^^^^^^
    )
    ^
  File "/Library/Frameworks/Python.framework/Versions/3.14/lib/python3.14/site-packages/nbclient/client.py", line 1319, in execute
    return NotebookClient(nb=nb, resources=resources, km=km, **kwargs).execute()
           ~~~~~~~~~~~~~~~~~~~~~~~~~~~~~~~~~~~~~~~~~~~~~~~~~~~~~~~~~~~~~~~~~~~^^
  File "/Library/Frameworks/Python.framework/Versions/3.14/lib/python3.14/site-packages/jupyter_core/utils/__init__.py", line 158, in wrapped
    return loop.run_until_complete(inner)
           ~~~~~~~~~~~~~~~~~~~~~~~^^^^^^^
  File "/Library/Frameworks/Python.framework/Versions/3.14/lib/python3.14/asyncio/base_events.py", line 719, in run_until_complete
    return future.result()
           ~~~~~~~~~~~~~^^
  File "/Library/Frameworks/Python.framework/Versions/3.14/lib/python3.14/site-packages/nbclient/client.py", line 709, in async_execute
    await self.async_execute_cell(
        cell, index, execution_count=self.code_cells_executed + 1
    )
  File "/Library/Frameworks/Python.framework/Versions/3.14/lib/python3.14/site-packages/nbclient/client.py", line 1062, in async_execute_cell
    await self._check_raise_for_error(cell, cell_index, exec_reply)
  File "/Library/Frameworks/Python.framework/Versions/3.14/lib/python3.14/site-packages/nbclient/client.py", line 918, in _check_raise_for_error
    raise CellExecutionError.from_cell_and_msg(cell, exec_reply_content)
nbclient.exceptions.CellExecutionError: An error occurred while executing the following cell:
------------------
from ngs_templates.NavierStokes import *
ngsglobals.msg_level = 0

timestep = 0.001
navstokes = NavierStokes (mesh, nu=0.001, order=4, timestep = timestep,
                              inflow="inlet", outflow="outlet", wall="wall|cyl",
                              uin=CoefficientFunction( (1.5*4*y*(0.41-y)/(0.41*0.41), 0) ))
                              
navstokes.SolveInitial()
------------------


[31m---------------------------------------------------------------------------[39m
[31mNgException[39m                               Traceback (most recent call last)
[36mCell[39m[36m [39m[32mIn[2][39m[32m, line 5[39m
[32m      2[39m ngsglobals.msg_level = [32m0[39m
[32m      4[39m timestep = [32m0.001[39m
[32m----> [39m[32m5[39m navstokes = [43mNavierStokes[49m[43m [49m[43m([49m[43mmesh[49m[43m,[49m[43m [49m[43mnu[49m[43m=[49m[32;43m0.001[39;49m[43m,[49m[43m [49m[43morder[49m[43m=[49m[32;43m4[39;49m[43m,[49m[43m [49m[43mtimestep[49m[43m [49m[43m=[49m[43m [49m[43mtimestep[49m[43m,[49m
[32m      6[39m [43m                              [49m[43minflow[49m[43m=[49m[33;43m"[39;49m[33;43minlet[39;49m[33;43m"[39;49m[43m,[49m[43m [49m[43moutflow[49m[43m=[49m[33;43m"[39;49m[33;43moutlet[39;49m[33;43m"[39;49m[43m,[49m[43m [49m[43mwall[49m[43m=[49m[33;43m"[39;49m[33;43mwall|cyl[39;49m[33;43m"[39;49m[43m,[49m
[32m      7[39m [43m                              [49m[43muin[49m[43m=[49m[43mCoefficientFunction[49m[43m([49m[43m [49m[43m([49m[32;43m1.5[39;49m[43m*[49m[32;43m4[39;49m[43m*[49m[43my[49m[43m*[49m[43m([49m[32;43m0.41[39;49m[43m-[49m[43my[49m[43m)[49m[43m/[49m[43m([49m[32;43m0.41[39;49m[43m*[49m[32;43m0.41[39;49m[43m)[49m[43m,[49m[43m [49m[32;43m0[39;49m[43m)[49m[43m [49m[43m)[49m[43m)[49m
[32m      9[39m navstokes.SolveInitial()

[36mFile [39m[32m/Library/Frameworks/Python.framework/Versions/3.14/lib/python3.14/site-packages/ngs_templates/NavierStokes.py:79[39m, in [36mNavierStokes.__init__[39m[34m(self, mesh, nu, inflow, outflow, wall, uin, timestep, order, volumeforce)[39m
[32m     77[39m ul2,vl2 = VL2.TnT()
[32m     78[39m [38;5;28mself[39m.conv_l2 = BilinearForm(VL2, nonassemble=[38;5;28;01mTrue[39;00m)
[32m---> [39m[32m79[39m [38;5;28mself[39m.conv_l2 += SymbolicBFI([43mInnerProduct[49m[43m([49m[43mgrad[49m[43m([49m[43mvl2[49m[43m)[49m[43m*[49m[43mul2[49m[43m,[49m[43m [49m[43mul2[49m[43m)[49m[43m.[49m[43mCompile[49m[43m([49m[43mrealcompile[49m[43m=[49m[43mrealcompile[49m[43m,[49m[43m [49m[43mwait[49m[43m=[49m[38;5;28;43;01mTrue[39;49;00m[43m)[49m, bonus_intorder=order)
[32m     80[39m [38;5;28mself[39m.conv_l2 += SymbolicBFI((-IfPos(ul2 * n, ul2*n*ul2*vl2, ul2*n*ul2.Other(bnd=[38;5;28mself[39m.uin)*vl2)).Compile(realcompile=realcompile, wait=[38;5;28;01mTrue[39;00m), element_boundary = [38;5;28;01mTrue[39;00m, bonus_intorder=order)
[32m     82[39m [38;5;28mself[39m.convertl2 = V1.ConvertL2Operator(VL2) @ Embedding([38;5;28mself[39m.V.ndof, [38;5;28mself[39m.v1dofs).T

[31mNgException[39m: problem calling compiler

